engine-dylib-experiment
+- install generated to starling-engine.wasm
   +- compile lib starling-engine ReleaseSmall wasm32-wasi 17253 errors
error: wasm-ld: 
error: wasm-ld: /work/StarlingMonkey-world-shell/target/wasm32-wasip1/release/librust_staticlib.a(rust_staticlib-4ef614724040105b.rust_staticlib.b3a47478d3f2cffe-cgu.0.rcgu.o): relocation R_WASM_MEMORY_ADDR_SLEB cannot be used against symbol `.Lanon.4ca1309a2fe985eb338d1dbfb1fe0278.12`; recompile with -fPIC
error: wasm-ld: /work/StarlingMonkey-world-shell/target/wasm32-wasip1/release/librust_staticlib.a(rust_staticlib-4ef614724040105b.rust_staticlib.b3a47478d3f2cffe-cgu.0.rcgu.o): relocation R_WASM_MEMORY_ADDR_LEB cannot be used against symbol `__rust_no_alloc_shim_is_unstable`; recompile with -fPIC
error: wasm-ld: /work/StarlingMonkey-world-shell/target/wasm32-wasip1/release/librust_staticlib.a(rust_staticlib-4ef614724040105b.rust_staticlib.b3a47478d3f2cffe-cgu.0.rcgu.o): relocation R_WASM_MEMORY_ADDR_LEB cannot be used against symbol `__rust_no_alloc_shim_is_unstable`; recompile with -fPIC
error: wasm-ld: /work/StarlingMonkey-world-shell/target/wasm32-wasip1/release/librust_staticlib.a(rust_staticlib-4ef614724040105b.rust_staticlib.b3a47478d3f2cffe-cgu.0.rcgu.o): relocation R_WASM_MEMORY_ADDR_SLEB cannot be used against symbol `.Lanon.fe6f9a51e178980a29c0f38f52b2892e.1`; recompile with -fPIC
error: wasm-ld: /work/StarlingMonkey-world-shell/target/wasm32-wasip1/release/librust_staticlib.a(rust_staticlib-4ef614724040105b.rust_staticlib.b3a47478d3f2cffe-cgu.0.rcgu.o): relocation R_WASM_MEMORY_ADDR_SLEB cannot be used against symbol `.Lanon.8ea67fda6f9d7c3e91f3d1ffdd3b2b27.10`; recompile with -fPIC
error: wasm-ld: /work/StarlingMonkey-world-shell/target/wasm32-wasip1/release/librust_staticlib.a(rust_staticlib-4ef614724040105b.rust_staticlib.b3a47478d3f2cffe-cgu.0.rcgu.o): relocation R_WASM_MEMORY_ADDR_LEB cannot be used against symbol `__rust_no_alloc_shim_is_unstable`; recompile with -fPIC
error: wasm-ld: /work/StarlingMonkey-world-shell/target/wasm32-wasip1/release/librust_staticlib.a(rust_staticlib-4ef614724040105b.rust_staticlib.b3a47478d3f2cffe-cgu.0.rcgu.o): relocation R_WASM_MEMORY_ADDR_LEB cannot be used against symbol `.Lanon.8ea67fda6f9d7c3e91f3d1ffdd3b2b27.54`; recompile with -fPIC
error: wasm-ld: /work/StarlingMonkey-world-shell/target/wasm32-wasip1/release/librust_staticlib.a(rust_staticlib-4ef614724040105b.rust_staticlib.b3a47478d3f2cffe-cgu.0.rcgu.o): relocation R_WASM_MEMORY_ADDR_LEB cannot be used against symbol `.Lanon.8ea67fda6f9d7c3e91f3d1ffdd3b2b27.54`; recompile with -fPIC
error: wasm-ld: /work/StarlingMonkey-world-shell/target/wasm32-wasip1/release/librust_staticlib.a(rust_staticlib-4ef614724040105b.rust_staticlib.b3a47478d3f2cffe-cgu.0.rcgu.o): relocation R_WASM_MEMORY_ADDR_SLEB cannot be used against symbol `.Lanon.8ea67fda6f9d7c3e91f3d1ffdd3b2b27.21`; recompile with -fPIC
error: wasm-ld: /work/StarlingMonkey-world-shell/target/wasm32-wasip1/release/librust_staticlib.a(rust_staticlib-4ef614724040105b.rust_staticlib.b3a47478d3f2cffe-cgu.0.rcgu.o): relocation R_WASM_MEMORY_ADDR_SLEB cannot be used against symbol `.Lanon.c4774248bc203559151206f7b40cae89.341`; recompile with -fPIC
error: wasm-ld: /work/StarlingMonkey-world-shell/target/wasm32-wasip1/release/librust_staticlib.a(rust_staticlib-4ef614724040105b.rust_staticlib.b3a47478d3f2cffe-cgu.0.rcgu.o): relocation R_WASM_MEMORY_ADDR_SLEB cannot be used against symbol `.Lanon.e378bf492cb7cda732a2a186002975ef.14`; recompile with -fPIC
error: wasm-ld: /work/StarlingMonkey-world-shell/target/wasm32-wasip1/release/librust_staticlib.a(rust_staticlib-4ef614724040105b.rust_staticlib.b3a47478d3f2cffe-cgu.0.rcgu.o): relocation R_WASM_MEMORY_ADDR_SLEB cannot be used against symbol `.Lanon.e378bf492cb7cda732a2a186002975ef.14`; recompile with -fPIC
error: wasm-ld: /work/StarlingMonkey-world-shell/target/wasm32-wasip1/release/librust_staticlib.a(rust_staticlib-4ef614724040105b.rust_staticlib.b3a47478d3f2cffe-cgu.0.rcgu.o): relocation R_WASM_MEMORY_ADDR_SLEB cannot be used against symbol `.Lanon.e378bf492cb7cda732a2a186002975ef.14`; recompile with -fPIC
error: wasm-ld: /work/StarlingMonkey-world-shell/target/wasm32-wasip1/release/librust_staticlib.a(rust_staticlib-4ef614724040105b.rust_staticlib.b3a47478d3f2cffe-cgu.0.rcgu.o): relocation R_WASM_MEMORY_ADDR_SLEB cannot be used against symbol `.Lanon.e378bf492cb7cda732a2a186002975ef.14`; recompile with -fPIC
error: wasm-ld: /work/StarlingMonkey-world-shell/target/wasm32-wasip1/release/librust_staticlib.a(rust_staticlib-4ef614724040105b.rust_staticlib.b3a47478d3f2cffe-cgu.0.rcgu.o): relocation R_WASM_MEMORY_ADDR_SLEB cannot be used against symbol `.Lanon.e378bf492cb7cda732a2a186002975ef.14`; recompile with -fPIC
error: wasm-ld: /work/StarlingMonkey-world-shell/target/wasm32-wasip1/release/librust_staticlib.a(rust_staticlib-4ef614724040105b.rust_staticlib.b3a47478d3f2cffe-cgu.0.rcgu.o): relocation R_WASM_MEMORY_ADDR_SLEB cannot be used against symbol `.Lanon.e378bf492cb7cda732a2a186002975ef.14`; recompile with -fPIC
...
(17253 total relocation errors: 14471 from libcrypto.a, 2783 from librust_staticlib.a;
 see build.zig's engine-dylib-experiment step to reproduce in full)
